[    8.28] gap=same-write  n=1  send+close  arrived per trial: [0, 0, 0] of 1
[   16.55] gap=same-write  n=1  stay  arrived per trial: [0, 0, 0] of 1
[   24.93] gap=same-write  n=2  send+close  arrived per trial: [0, 0, 0] of 2
[   33.36] gap=same-write  n=2  stay  arrived per trial: [0, 0, 0] of 2
[   41.75] gap=same-write  n=4  send+close  arrived per trial: [0, 0, 0] of 4
[   50.14] gap=same-write  n=4  stay  arrived per trial: [0, 0, 0] of 4
[   58.58] gap=same-write  n=8  send+close  arrived per trial: [0, 0, 0] of 8
[   67.03] gap=same-write  n=8  stay  arrived per trial: [0, 0, 0] of 8
[   75.34] gap=0.0  n=1  send+close  arrived per trial: [1, 0, 0] of 1
[   83.68] gap=0.0  n=1  stay  arrived per trial: [0, 0, 0] of 1
[   92.10] gap=0.0  n=2  send+close  arrived per trial: [0, 0, 0] of 2
[  100.52] gap=0.0  n=2  stay  arrived per trial: [0, 0, 0] of 2
[  108.97] gap=0.0  n=4  send+close  arrived per trial: [2, 1, 0] of 4
[  117.38] gap=0.0  n=4  stay  arrived per trial: [0, 0, 1] of 4
[  125.81] gap=0.0  n=8  send+close  arrived per trial: [0, 0, 1] of 8
[  134.22] gap=0.0  n=8  stay  arrived per trial: [0, 0, 0] of 8
[  142.70] gap=0.05  n=1  send+close  arrived per trial: [1, 1, 1] of 1
[  151.16] gap=0.05  n=1  stay  arrived per trial: [1, 1, 1] of 1
[  159.75] gap=0.05  n=2  send+close  arrived per trial: [1, 1, 1] of 2
[  168.35] gap=0.05  n=2  stay  arrived per trial: [1, 1, 1] of 2
[  176.95] gap=0.05  n=4  send+close  arrived per trial: [1, 1, 1] of 4
[  185.55] gap=0.05  n=4  stay  arrived per trial: [1, 1, 1] of 4
[  194.16] gap=0.05  n=8  send+close  arrived per trial: [1, 1, 1] of 8
[  202.78] gap=0.05  n=8  stay  arrived per trial: [1, 1, 1] of 8
[  211.71] gap=0.2  n=1  send+close  arrived per trial: [1, 1, 1] of 1
[  220.64] gap=0.2  n=1  stay  arrived per trial: [1, 1, 1] of 1
[  229.73] gap=0.2  n=2  send+close  arrived per trial: [1, 1, 1] of 2
[  238.75] gap=0.2  n=2  stay  arrived per trial: [1, 1, 1] of 2
[  248.80] gap=0.2  n=4  send+close  arrived per trial: [1, 1, 1] of 4
[  257.84] gap=0.2  n=4  stay  arrived per trial: [1, 1, 1] of 4
[  266.89] gap=0.2  n=8  send+close  arrived per trial: [1, 1, 1] of 8
[  275.95] gap=0.2  n=8  stay  arrived per trial: [1, 1, 1] of 8
[  285.77] gap=0.5  n=1  send+close  arrived per trial: [1, 1, 1] of 1
[  295.62] gap=0.5  n=1  stay  arrived per trial: [1, 1, 1] of 1
[  305.57] gap=0.5  n=2  send+close  arrived per trial: [1, 1, 1] of 2
[  315.51] gap=0.5  n=2  stay  arrived per trial: [1, 1, 1] of 2
[  325.45] gap=0.5  n=4  send+close  arrived per trial: [1, 1, 1] of 4
[  335.40] gap=0.5  n=4  stay  arrived per trial: [1, 1, 1] of 4
[  345.35] gap=0.5  n=8  send+close  arrived per trial: [1, 1, 1] of 8
[  355.30] gap=0.5  n=8  stay  arrived per trial: [1, 1, 1] of 8
[  355.30] done
