[   11.41] id RLT2CF8F17163D6 ping after re-register: PONG
[   76.94] +67s ping=PONG S2 got b'<REQ1>' (open); client got b'ok' (open)
[  142.49] +132s ping=PONG S2 got b'<REQ2>' (open); client got b'ok' (open)
[  208.03] +198s ping=PONG S2 got b'<REQ3>' (open); client got b'ok' (open)
[  273.56] +263s ping=PONG S2 got b'<REQ4>' (open); client got b'ok' (open)
[  339.11] +329s ping=PONG S2 got b'<REQ5>' (open); client got b'ok' (open)
[  404.64] +394s ping=PONG S2 got b'<REQ6>' (open); client got b'ok' (open)
[  470.17] +460s ping=PONG S2 got b'<REQ7>' (open); client got b'ok' (open)
[  535.72] +525s ping=PONG S2 got b'<REQ8>' (open); client got b'ok' (open)
[  601.26] +591s ping=PONG S2 got b'<REQ9>' (open); client got b'ok' (open)
[  666.80] +657s ping=PONG S2 got b'<REQ10>' (open); client got b'ok' (open)
[  732.34] +722s ping=PONG S2 got b'<REQ11>' (open); client got b'ok' (open)
[  797.88] +788s ping=PONG S2 got b'<REQ12>' (open); client got b'ok' (open)
[  863.41] +853s ping=PONG S2 got b'<REQ13>' (open); client got b'ok' (open)
[  928.95] +919s ping=PONG S2 got b'<REQ14>' (open); client got b'ok' (open)
[  994.49] +984s ping=PONG S2 got b'<REQ15>' (open); client got b'ok' (open)
[ 1060.03] +1050s ping=PONG S2 got b'<REQ16>' (open); client got b'ok' (open)
[ 1125.59] +1115s ping=PONG S2 got b'<REQ17>' (open); client got b'ok' (open)
[ 1191.13] +1181s ping=PONG S2 got b'<REQ18>' (open); client got b'ok' (open)
[ 1256.66] +1246s ping=PONG S2 got b'<REQ19>' (open); client got b'ok' (open)
[ 1322.20] +1312s ping=PONG S2 got b'<REQ20>' (open); client got b'ok' (open)
[ 1322.20] done
